14:30:02.224 [ATL-Logging-Thread] INFO  - Organising filesystem

14:30:02.226 [ATL-Logging-Thread] INFO  - ATLauncher Version: 3.4.38.2 [b6f3b1ac61b9be9f3d4573d01dc291077f7ad130]

14:30:02.226 [ATL-Logging-Thread] INFO  - App Arguments: ["--working-dir","**USERSDIR**","--no-launcher-update","--no-launcher-update","true"]

14:30:02.226 [ATL-Logging-Thread] INFO  - JVM Arguments: []

14:30:02.227 [ATL-Logging-Thread] INFO  - Java Version: Java 21 (21.0.7)

14:30:02.235 [ATL-Logging-Thread] INFO  - Java Path: /nix/store/fnshd55b29s6z88mfl3ilmdqfb7l3dqi-openjdk-21.0.7+6/lib/openjdk

14:30:02.236 [ATL-Logging-Thread] INFO  - 64 Bit Java: true

14:30:02.238 [ATL-Logging-Thread] INFO  - RAM Available: 31304MB

14:30:02.239 [ATL-Logging-Thread] INFO  - Launcher Directory: **USERSDIR**

14:30:02.249 [ATL-Logging-Thread] INFO  - GPU: unknown (unknown) unknown 0MB VRAM

14:30:02.320 [ATL-Logging-Thread] INFO  - CPU: AMD Ryzen 5 7600X3D 6-Core Processor 6 cores/12 threads

14:30:02.320 [ATL-Logging-Thread] INFO  - Operating System: NixOS (25.05 (Warbler) build 6.15.8-zen1)

14:30:02.321 [ATL-Logging-Thread] INFO  - Bitness: 64

14:30:02.324 [ATL-Logging-Thread] INFO  - Uptime: 8440

14:30:02.325 [ATL-Logging-Thread] INFO  - Manufacturer: GNU/Linux

14:30:02.325 [ATL-Logging-Thread] INFO  - Showing splash screen and loading everything

14:30:02.326 [ATL-Logging-Thread] INFO  - Checking for updated files!

14:30:03.402 [ATL-Logging-Thread] INFO  - Launcher finished loading everything

14:30:03.419 [ATL-Logging-Thread] INFO  - Launcher opening

14:30:03.419 [ATL-Logging-Thread] INFO  - Made By Bob*

14:30:03.419 [ATL-Logging-Thread] INFO  - *(Not Actually)

14:30:03.425 [ATL-Logging-Thread] INFO  - Setting up Bottom Bar

14:30:03.452 [ATL-Logging-Thread] INFO  - Finished Setting up Bottom Bar

14:30:03.454 [ATL-Logging-Thread] INFO  - Setting up Tabs

14:30:03.577 [ATL-Logging-Thread] INFO  - Finished Setting up Tabs

14:30:03.582 [ATL-Logging-Thread] INFO  - Showing Launcher

14:30:03.798 [ATL-Logging-Thread] ERROR - Error on GraphQL query

14:30:03.798 [ATL-Logging-Thread] ERROR - com.apollographql.apollo.exception.ApolloHttpException: HTTP 403 Forbidden

14:30:03.799 [ATL-Logging-Thread] ERROR - 	at com.apollographql.apollo.internal.interceptor.ApolloParseInterceptor.parse(ApolloParseInterceptor.java:108)

14:30:03.799 [ATL-Logging-Thread] ERROR - 	at com.apollographql.apollo.internal.interceptor.ApolloParseInterceptor$1.onResponse(ApolloParseInterceptor.java:53)

14:30:03.800 [ATL-Logging-Thread] ERROR - 	at com.apollographql.apollo.internal.interceptor.ApolloServerInterceptor$executeHttpCall$1.onResponse(ApolloServerInterceptor.kt:114)

14:30:03.800 [ATL-Logging-Thread] ERROR - 	at okhttp3.internal.connection.RealCall$AsyncCall.run(RealCall.kt:519)

14:30:03.801 [ATL-Logging-Thread] ERROR - 	at java.base/java.util.concurrent.ThreadPoolExecutor.runWorker(ThreadPoolExecutor.java:1144)

14:30:03.802 [ATL-Logging-Thread] ERROR - 	at java.base/java.util.concurrent.ThreadPoolExecutor$Worker.run(ThreadPoolExecutor.java:642)

14:30:03.802 [ATL-Logging-Thread] ERROR - 	at java.base/java.lang.Thread.run(Thread.java:1583)

14:30:03.802 [ATL-Logging-Thread] ERROR - com.apollographql.apollo.exception.ApolloHttpException: HTTP 403 Forbidden
	at com.apollographql.apollo.internal.interceptor.ApolloParseInterceptor.parse(ApolloParseInterceptor.java:108)
	at com.apollographql.apollo.internal.interceptor.ApolloParseInterceptor$1.onResponse(ApolloParseInterceptor.java:53)
	at com.apollographql.apollo.internal.interceptor.ApolloServerInterceptor$executeHttpCall$1.onResponse(ApolloServerInterceptor.kt:114)
	at okhttp3.internal.connection.RealCall$AsyncCall.run(RealCall.kt:519)
	at java.base/java.util.concurrent.ThreadPoolExecutor.runWorker(ThreadPoolExecutor.java:1144)
	at java.base/java.util.concurrent.ThreadPoolExecutor$Worker.run(ThreadPoolExecutor.java:642)
	at java.base/java.lang.Thread.run(Thread.java:1583)

